ΓÇëWARNΓÇë Unsupported engine: wanted: {"node":"22.x"} (current: {"node":"v24.1.0","pnpm":"10.11.0"})

> music-organizer@0.2.0 build:analyze E:\gh\mmo\app
> cross-env ANALYZE=true next build --webpack

Γû▓ Next.js 16.2.3 (webpack)
- Environments: .env.local
- Experiments (use with caution):
  ┬╖ serverActions

  Creating an optimized production build ...
[1mWebpack Bundle Analyzer[22m saved report to [1mE:\gh\mmo\app\.next\analyze\nodejs.html[22m

No bundles were parsed. Analyzer will show only original module sizes from stats file.

[1mWebpack Bundle Analyzer[22m saved report to [1mE:\gh\mmo\app\.next\analyze\edge.html[22m
[1mWebpack Bundle Analyzer[22m saved report to [1mE:\gh\mmo\app\.next\analyze\client.html[22m
ΓÜá Compiled with warnings in 61s

./node_modules/.pnpm/systeminformation@5.31.5/node_modules/systeminformation/lib/cpu.js
Module not found: Can't resolve 'osx-temperature-sensor' in 'E:\gh\mmo\app\node_modules\.pnpm\systeminformation@5.31.5\node_modules\systeminformation\lib'

Import trace for requested module:
./node_modules/.pnpm/systeminformation@5.31.5/node_modules/systeminformation/lib/cpu.js
./node_modules/.pnpm/systeminformation@5.31.5/node_modules/systeminformation/lib/index.js
./src/app/api/system-stats/route.ts

./node_modules/.pnpm/systeminformation@5.31.5/node_modules/systeminformation/lib/cpu.js
Module not found: Can't resolve 'macos-temperature-sensor' in 'E:\gh\mmo\app\node_modules\.pnpm\systeminformation@5.31.5\node_modules\systeminformation\lib'

Import trace for requested module:
./node_modules/.pnpm/systeminformation@5.31.5/node_modules/systeminformation/lib/cpu.js
./node_modules/.pnpm/systeminformation@5.31.5/node_modules/systeminformation/lib/index.js
./src/app/api/system-stats/route.ts

  Running TypeScript ...
  Finished TypeScript in 25.9s ...
  Collecting page data using 31 workers ...
Error: Failed to collect configuration for /settings
    at ignore-listed frames {
  [cause]: Error: A "use server" file can only export async functions, found object.
  Read more: https://nextjs.org/docs/messages/invalid-use-server-value
      at c (E:\gh\mmo\app\.next\server\chunks\4173.js:1:1500)
      at <unknown> (E:\gh\mmo\app\.next\server\app\settings\page.js:2:33839)
      at k.a (E:\gh\mmo\app\.next\server\webpack-runtime.js:1:694)
      at 95718 (E:\gh\mmo\app\.next\server\app\settings\page.js:2:31485)
      at k (E:\gh\mmo\app\.next\server\webpack-runtime.js:1:144)
      at <unknown> (E:\gh\mmo\app\.next\server\app\settings\page.js:1:774)
      at k.a (E:\gh\mmo\app\.next\server\webpack-runtime.js:1:694)
      at 21830 (E:\gh\mmo\app\.next\server\app\settings\page.js:1:681)
      at k (E:\gh\mmo\app\.next\server\webpack-runtime.js:1:144)
}

> Build error occurred
Error: Failed to collect page data for /settings
    at ignore-listed frames {
  type: 'Error'
}
ΓÇëELIFECYCLEΓÇë Command failed with exit code 1.
